2025-08-24 11:46:48,848 - INFO - SELECT DATABASE()
2025-08-24 11:46:48,849 - INFO - [raw sql] {}
2025-08-24 11:46:48,853 - INFO - SELECT @@sql_mode
2025-08-24 11:46:48,853 - INFO - [raw sql] {}
2025-08-24 11:46:48,854 - INFO - SELECT @@lower_case_table_names
2025-08-24 11:46:48,854 - INFO - [raw sql] {}
2025-08-24 11:46:48,856 - INFO - BEGIN (implicit)
2025-08-24 11:46:48,856 - INFO - DESCRIBE `godlife`.`vocabularies`
2025-08-24 11:46:48,856 - INFO - [raw sql] {}
2025-08-24 11:46:48,941 - INFO - DESCRIBE `godlife`.`vocabulary_items`
2025-08-24 11:46:48,941 - INFO - [raw sql] {}
2025-08-24 11:46:48,943 - INFO - 
CREATE TABLE vocabularies (
	id INTEGER NOT NULL AUTO_INCREMENT, 
	`vocaId` VARCHAR(50) NOT NULL, 
	`userId` VARCHAR(50) NOT NULL, 
	title VARCHAR(200) NOT NULL, 
	description TEXT, 
	`schoolLevel` VARCHAR(20), 
	`createdAt` DATETIME, 
	`updatedAt` DATETIME, 
	PRIMARY KEY (id)
)


2025-08-24 11:46:48,944 - INFO - [no key 0.00093s] {}
2025-08-24 11:46:49,075 - INFO - CREATE INDEX `ix_vocabularies_userId` ON vocabularies (`userId`)
2025-08-24 11:46:49,075 - INFO - [no key 0.00032s] {}
2025-08-24 11:46:49,143 - INFO - CREATE INDEX ix_vocabularies_id ON vocabularies (id)
2025-08-24 11:46:49,143 - INFO - [no key 0.00032s] {}
2025-08-24 11:46:49,205 - INFO - CREATE UNIQUE INDEX `ix_vocabularies_vocaId` ON vocabularies (`vocaId`)
2025-08-24 11:46:49,205 - INFO - [no key 0.00029s] {}
2025-08-24 11:46:49,254 - INFO - 
CREATE TABLE vocabulary_items (
	id INTEGER NOT NULL AUTO_INCREMENT, 
	word VARCHAR(100) NOT NULL, 
	meaning VARCHAR(200) NOT NULL, 
	options TEXT, 
	`userId` VARCHAR(50) NOT NULL, 
	`vocaId` VARCHAR(50) NOT NULL, 
	`createdAt` DATETIME, 
	`updatedAt` DATETIME, 
	PRIMARY KEY (id), 
	FOREIGN KEY(`vocaId`) REFERENCES vocabularies (`vocaId`)
)


2025-08-24 11:46:49,255 - INFO - [no key 0.00044s] {}
2025-08-24 11:46:49,316 - INFO - CREATE INDEX ix_vocabulary_items_id ON vocabulary_items (id)
2025-08-24 11:46:49,316 - INFO - [no key 0.00038s] {}
2025-08-24 11:46:49,343 - INFO - CREATE INDEX `ix_vocabulary_items_vocaId` ON vocabulary_items (`vocaId`)
2025-08-24 11:46:49,343 - INFO - [no key 0.00038s] {}
2025-08-24 11:46:49,376 - INFO - CREATE INDEX `ix_vocabulary_items_userId` ON vocabulary_items (`userId`)
2025-08-24 11:46:49,376 - INFO - [no key 0.00040s] {}
2025-08-24 11:46:49,403 - INFO - CREATE INDEX ix_vocabulary_items_word ON vocabulary_items (word)
2025-08-24 11:46:49,403 - INFO - [no key 0.00028s] {}
2025-08-24 11:46:49,430 - INFO - COMMIT
2025-08-24 11:46:50,336 - INFO - SELECT DATABASE()
2025-08-24 11:46:50,336 - INFO - [raw sql] {}
2025-08-24 11:46:50,338 - INFO - SELECT @@sql_mode
2025-08-24 11:46:50,338 - INFO - [raw sql] {}
2025-08-24 11:46:50,339 - INFO - SELECT @@lower_case_table_names
2025-08-24 11:46:50,339 - INFO - [raw sql] {}
2025-08-24 11:46:50,340 - INFO - BEGIN (implicit)
2025-08-24 11:46:50,340 - INFO - DESCRIBE `godlife`.`vocabularies`
2025-08-24 11:46:50,341 - INFO - [raw sql] {}
2025-08-24 11:46:50,372 - INFO - DESCRIBE `godlife`.`vocabulary_items`
2025-08-24 11:46:50,372 - INFO - [raw sql] {}
2025-08-24 11:46:50,374 - INFO - COMMIT
2025-08-24 11:46:50,456 - INFO - BEGIN (implicit)
2025-08-24 11:46:50,456 - INFO - DESCRIBE `godlife`.`vocabularies`
2025-08-24 11:46:50,457 - INFO - [raw sql] {}
2025-08-24 11:46:50,459 - INFO - DESCRIBE `godlife`.`vocabulary_items`
2025-08-24 11:46:50,459 - INFO - [raw sql] {}
2025-08-24 11:46:50,460 - INFO - COMMIT
2025-08-24 11:46:50,515 - INFO - 5 changes detected
2025-08-24 11:46:50,924 - INFO - 1 change detected
2025-08-24 11:46:51,786 - INFO - 1 change detected
2025-08-24 11:46:52,144 - INFO - 1 change detected
2025-08-24 11:46:52,500 - INFO - 1 change detected
2025-08-24 11:46:52,911 - INFO - 1 change detected
2025-08-24 11:46:53,327 - INFO - 1 change detected
2025-08-24 11:46:53,743 - INFO - 1 change detected
2025-08-24 11:46:54,145 - INFO - 1 change detected
2025-08-24 11:46:54,498 - INFO - 1 change detected
2025-08-24 11:46:54,904 - INFO - 1 change detected
2025-08-24 11:46:55,306 - INFO - 1 change detected
2025-08-24 11:46:55,709 - INFO - 1 change detected
2025-08-24 11:46:56,073 - INFO - 1 change detected
2025-08-24 11:46:56,430 - INFO - 1 change detected
2025-08-24 11:46:56,788 - INFO - 1 change detected
2025-08-24 11:46:57,139 - INFO - 1 change detected
2025-08-24 11:46:57,494 - INFO - 1 change detected
2025-08-24 11:46:57,851 - INFO - 1 change detected
2025-08-24 11:46:58,254 - INFO - 1 change detected
2025-08-24 11:46:58,657 - INFO - 1 change detected
2025-08-24 11:46:59,062 - INFO - 1 change detected
2025-08-24 11:46:59,473 - INFO - 1 change detected
2025-08-24 11:46:59,875 - INFO - 1 change detected
2025-08-24 11:47:00,242 - INFO - 1 change detected
2025-08-24 11:47:00,644 - INFO - 1 change detected
2025-08-24 11:47:01,060 - INFO - 1 change detected
2025-08-24 11:47:01,463 - INFO - 1 change detected
2025-08-24 11:47:01,877 - INFO - 1 change detected
2025-08-24 11:47:02,241 - INFO - 1 change detected
2025-08-24 11:47:02,646 - INFO - 1 change detected
2025-08-24 11:47:03,060 - INFO - 1 change detected
2025-08-24 11:47:03,476 - INFO - 1 change detected
2025-08-24 11:47:03,841 - INFO - 1 change detected
2025-08-24 11:47:04,243 - INFO - 1 change detected
2025-08-24 11:47:04,657 - INFO - 1 change detected
2025-08-24 11:47:05,070 - INFO - 1 change detected
2025-08-24 11:47:05,435 - INFO - 1 change detected
2025-08-24 11:47:05,839 - INFO - 1 change detected
2025-08-24 11:47:06,252 - INFO - 1 change detected
2025-08-24 11:47:06,656 - INFO - 1 change detected
2025-08-24 11:47:07,019 - INFO - 1 change detected
2025-08-24 11:47:07,426 - INFO - 1 change detected
2025-08-24 11:47:07,827 - INFO - 1 change detected
2025-08-24 11:47:08,241 - INFO - 1 change detected
2025-08-24 11:47:08,643 - INFO - 1 change detected
2025-08-24 11:47:09,046 - INFO - 1 change detected
2025-08-24 11:47:09,701 - INFO - 1 change detected
2025-08-24 11:47:10,060 - INFO - 1 change detected
2025-08-24 11:47:10,466 - INFO - 1 change detected
2025-08-24 11:47:10,869 - INFO - 1 change detected
2025-08-24 11:47:11,282 - INFO - 1 change detected
2025-08-24 11:47:11,648 - INFO - 1 change detected
2025-08-24 11:47:12,064 - INFO - 1 change detected
2025-08-24 11:47:12,479 - INFO - 1 change detected
2025-08-24 11:47:12,842 - INFO - 1 change detected
2025-08-24 11:47:13,245 - INFO - 1 change detected
2025-08-24 11:47:13,646 - INFO - 1 change detected
2025-08-24 11:47:14,061 - INFO - 1 change detected
2025-08-24 11:47:14,465 - INFO - 1 change detected
2025-08-24 11:47:14,880 - INFO - 1 change detected
2025-08-24 11:47:15,246 - INFO - 1 change detected
2025-08-24 11:47:15,651 - INFO - 1 change detected
2025-08-24 11:47:16,066 - INFO - 1 change detected
2025-08-24 11:47:16,480 - INFO - 1 change detected
2025-08-24 11:47:16,881 - INFO - 1 change detected
2025-08-24 11:47:17,244 - INFO - 1 change detected
2025-08-24 11:47:17,650 - INFO - 1 change detected
2025-08-24 11:47:18,064 - INFO - 1 change detected
2025-08-24 11:47:18,480 - INFO - 1 change detected
2025-08-24 11:47:18,884 - INFO - 1 change detected
2025-08-24 11:47:19,248 - INFO - 1 change detected
2025-08-24 11:47:19,652 - INFO - 1 change detected
2025-08-24 11:47:20,053 - INFO - 1 change detected
2025-08-24 11:47:20,469 - INFO - 1 change detected
2025-08-24 11:47:20,873 - INFO - 1 change detected
2025-08-24 11:47:21,286 - INFO - 1 change detected
2025-08-24 11:47:21,642 - INFO - 1 change detected
2025-08-24 11:47:22,046 - INFO - 1 change detected
2025-08-24 11:47:22,448 - INFO - 1 change detected
2025-08-24 11:47:22,851 - INFO - 1 change detected
2025-08-24 11:47:23,264 - INFO - 1 change detected
2025-08-24 11:47:23,991 - INFO - 1 change detected
2025-08-24 11:47:24,343 - INFO - 1 change detected
2025-08-24 11:47:24,696 - INFO - 1 change detected
2025-08-24 11:47:25,099 - INFO - 1 change detected
2025-08-24 11:47:25,501 - INFO - 1 change detected
2025-08-24 11:47:25,903 - INFO - 1 change detected
2025-08-24 11:47:26,317 - INFO - 1 change detected
2025-08-24 11:47:26,720 - INFO - 1 change detected
2025-08-24 11:47:27,134 - INFO - 1 change detected
2025-08-24 11:47:27,536 - INFO - 1 change detected
2025-08-24 11:47:27,901 - INFO - 1 change detected
2025-08-24 11:47:28,304 - INFO - 1 change detected
2025-08-24 11:47:28,720 - INFO - 1 change detected
2025-08-24 11:47:29,136 - INFO - 1 change detected
2025-08-24 11:47:29,491 - INFO - 1 change detected
2025-08-24 11:47:29,894 - INFO - 1 change detected
2025-08-24 11:47:30,309 - INFO - 1 change detected
2025-08-24 11:47:30,713 - INFO - 1 change detected
2025-08-24 11:47:31,129 - INFO - 1 change detected
2025-08-24 11:47:31,495 - INFO - 1 change detected
2025-08-24 11:47:31,901 - INFO - 1 change detected
2025-08-24 11:47:32,316 - INFO - 1 change detected
2025-08-24 11:47:32,733 - INFO - 1 change detected
2025-08-24 11:47:33,096 - INFO - 1 change detected
2025-08-24 11:47:33,499 - INFO - 1 change detected
2025-08-24 11:47:33,900 - INFO - 1 change detected
2025-08-24 11:47:34,316 - INFO - 1 change detected
2025-08-24 11:47:34,719 - INFO - 1 change detected
2025-08-24 11:47:35,132 - INFO - 1 change detected
2025-08-24 11:47:35,496 - INFO - 1 change detected
2025-08-24 11:47:35,903 - INFO - 1 change detected
2025-08-24 11:47:36,304 - INFO - 1 change detected
2025-08-24 11:47:36,720 - INFO - 1 change detected
2025-08-24 11:47:37,134 - INFO - 1 change detected
2025-08-24 11:47:37,546 - INFO - 1 change detected
2025-08-24 11:47:37,950 - INFO - 1 change detected
2025-08-24 11:47:38,314 - INFO - 1 change detected
2025-08-24 11:47:38,717 - INFO - 1 change detected
2025-08-24 11:47:39,118 - INFO - 1 change detected
2025-08-24 11:47:39,519 - INFO - 1 change detected
2025-08-24 11:47:39,935 - INFO - 1 change detected
2025-08-24 11:47:40,348 - INFO - 1 change detected
2025-08-24 11:47:40,713 - INFO - 1 change detected
2025-08-24 11:47:41,115 - INFO - 1 change detected
2025-08-24 11:47:41,521 - INFO - 1 change detected
2025-08-24 11:47:41,937 - INFO - 1 change detected
2025-08-24 11:47:42,300 - INFO - 1 change detected
2025-08-24 11:47:42,708 - INFO - 1 change detected
2025-08-24 11:47:43,125 - INFO - 1 change detected
2025-08-24 11:47:43,529 - INFO - 1 change detected
2025-08-24 11:47:43,934 - INFO - 1 change detected
2025-08-24 11:47:44,349 - INFO - 1 change detected
2025-08-24 11:47:44,714 - INFO - 1 change detected
2025-08-24 11:47:45,166 - INFO - 1 change detected
2025-08-24 11:47:45,530 - INFO - 1 change detected
2025-08-24 11:47:45,935 - INFO - 1 change detected
2025-08-24 11:47:46,349 - INFO - 1 change detected
2025-08-24 11:47:46,700 - INFO - 1 change detected
2025-08-24 11:47:47,054 - INFO - 1 change detected
2025-08-24 11:47:47,409 - INFO - 7 changes detected
2025-08-24 11:47:47,765 - INFO - 1 change detected
2025-08-24 11:47:48,221 - INFO - 1 change detected
2025-08-24 11:47:48,584 - INFO - 1 change detected
2025-08-24 11:47:48,988 - INFO - 1 change detected
2025-08-24 11:47:49,354 - INFO - 1 change detected
2025-08-24 11:47:49,758 - INFO - 1 change detected
2025-08-24 11:47:50,173 - INFO - 1 change detected
2025-08-24 11:47:50,576 - INFO - 1 change detected
2025-08-24 11:47:50,992 - INFO - 1 change detected
2025-08-24 11:47:51,395 - INFO - 1 change detected
2025-08-24 11:47:51,797 - INFO - 1 change detected
2025-08-24 11:47:52,160 - INFO - 1 change detected
2025-08-24 11:47:52,567 - INFO - 1 change detected
2025-08-24 11:47:52,973 - INFO - 1 change detected
2025-08-24 11:47:53,384 - INFO - 1 change detected
2025-08-24 11:47:53,786 - INFO - 1 change detected
2025-08-24 11:47:54,200 - INFO - 1 change detected
2025-08-24 11:47:54,562 - INFO - 1 change detected
2025-08-24 11:47:54,966 - INFO - 1 change detected
2025-08-24 11:47:55,368 - INFO - 1 change detected
2025-08-24 11:47:55,784 - INFO - 1 change detected
2025-08-24 11:47:56,144 - INFO - 1 change detected
2025-08-24 11:47:56,550 - INFO - 1 change detected
2025-08-24 11:47:56,953 - INFO - 1 change detected
2025-08-24 11:47:57,356 - INFO - 1 change detected
2025-08-24 11:47:57,820 - INFO - 1 change detected
2025-08-24 11:47:58,183 - INFO - 1 change detected
2025-08-24 11:47:58,593 - INFO - 1 change detected
2025-08-24 11:47:59,008 - INFO - 1 change detected
2025-08-24 11:47:59,423 - INFO - 1 change detected
2025-08-24 11:47:59,788 - INFO - 1 change detected
2025-08-24 11:48:00,193 - INFO - 1 change detected
2025-08-24 11:48:00,596 - INFO - 1 change detected
2025-08-24 11:48:01,011 - INFO - 1 change detected
2025-08-24 11:48:01,426 - INFO - 1 change detected
2025-08-24 11:48:01,832 - INFO - 1 change detected
2025-08-24 11:48:02,196 - INFO - 1 change detected
2025-08-24 11:48:02,599 - INFO - 1 change detected
2025-08-24 11:48:03,014 - INFO - 1 change detected
2025-08-24 11:48:03,416 - INFO - 1 change detected
2025-08-24 11:48:03,831 - INFO - 1 change detected
2025-08-24 11:48:04,194 - INFO - 1 change detected
2025-08-24 11:48:04,596 - INFO - 1 change detected
2025-08-24 11:48:05,011 - INFO - 1 change detected
2025-08-24 11:48:05,426 - INFO - 1 change detected
2025-08-24 11:48:05,828 - INFO - 1 change detected
2025-08-24 11:48:06,193 - INFO - 1 change detected
2025-08-24 11:48:06,600 - INFO - 1 change detected
2025-08-24 11:48:07,015 - INFO - 1 change detected
2025-08-24 11:48:07,416 - INFO - 1 change detected
2025-08-24 11:48:07,818 - INFO - 1 change detected
2025-08-24 11:48:08,234 - INFO - 1 change detected
2025-08-24 11:48:08,599 - INFO - 1 change detected
2025-08-24 11:48:09,006 - INFO - 1 change detected
2025-08-24 11:48:09,423 - INFO - 1 change detected
2025-08-24 11:48:09,827 - INFO - 1 change detected
2025-08-24 11:48:10,193 - INFO - 1 change detected
2025-08-24 11:48:10,613 - INFO - 1 change detected
2025-08-24 11:48:11,014 - INFO - 1 change detected
2025-08-24 11:48:11,431 - INFO - 1 change detected
2025-08-24 11:48:11,834 - INFO - 1 change detected
2025-08-24 11:48:12,236 - INFO - 1 change detected
2025-08-24 11:48:12,637 - INFO - 1 change detected
2025-08-24 11:48:13,039 - INFO - 1 change detected
2025-08-24 11:48:13,403 - INFO - 1 change detected
2025-08-24 11:48:13,808 - INFO - 1 change detected
2025-08-24 11:48:14,224 - INFO - 1 change detected
2025-08-24 11:48:14,639 - INFO - 1 change detected
2025-08-24 11:48:15,041 - INFO - 1 change detected
2025-08-24 11:48:15,445 - INFO - 1 change detected
2025-08-24 11:48:15,910 - INFO - 1 change detected
2025-08-24 11:48:16,317 - INFO - 1 change detected
2025-08-24 11:48:16,869 - INFO - 1 change detected
2025-08-24 11:48:17,271 - INFO - 1 change detected
2025-08-24 11:48:17,674 - INFO - 1 change detected
2025-08-24 11:48:18,079 - INFO - 1 change detected
2025-08-24 11:48:18,493 - INFO - 1 change detected
2025-08-24 11:48:18,855 - INFO - 1 change detected
2025-08-24 11:48:19,257 - INFO - 1 change detected
2025-08-24 11:48:19,659 - INFO - 1 change detected
2025-08-24 11:48:20,062 - INFO - 1 change detected
2025-08-24 11:48:20,465 - INFO - 1 change detected
2025-08-24 11:48:20,881 - INFO - 1 change detected
2025-08-24 11:48:21,283 - INFO - 1 change detected
2025-08-24 11:48:21,687 - INFO - 1 change detected
2025-08-24 11:48:22,102 - INFO - 1 change detected
2025-08-24 11:48:22,505 - INFO - 1 change detected
2025-08-24 11:48:22,909 - INFO - 1 change detected
2025-08-24 11:48:23,310 - INFO - 1 change detected
2025-08-24 11:48:23,712 - INFO - 1 change detected
2025-08-24 11:48:24,434 - INFO - 1 change detected
2025-08-24 11:48:24,789 - INFO - 1 change detected
2025-08-24 11:48:25,144 - INFO - 1 change detected
2025-08-24 11:48:25,549 - INFO - 1 change detected
2025-08-24 11:48:25,950 - INFO - 1 change detected
2025-08-24 11:48:26,353 - INFO - 1 change detected
2025-08-24 11:48:26,755 - INFO - 1 change detected
2025-08-24 11:48:27,157 - INFO - 1 change detected
2025-08-24 11:48:27,573 - INFO - 1 change detected
2025-08-24 11:48:27,975 - INFO - 1 change detected
2025-08-24 11:48:28,390 - INFO - 1 change detected
2025-08-24 11:48:28,793 - INFO - 1 change detected
2025-08-24 11:48:29,155 - INFO - 1 change detected
2025-08-24 11:48:29,558 - INFO - 1 change detected
2025-08-24 11:48:29,961 - INFO - 1 change detected
2025-08-24 11:48:30,365 - INFO - 1 change detected
2025-08-24 11:48:30,767 - INFO - 1 change detected
2025-08-24 11:48:31,183 - INFO - 1 change detected
2025-08-24 11:48:31,587 - INFO - 1 change detected
2025-08-24 11:48:31,939 - INFO - 1 change detected
2025-08-24 11:48:32,342 - INFO - 1 change detected
2025-08-24 11:48:32,758 - INFO - 1 change detected
2025-08-24 11:48:33,123 - INFO - 1 change detected
2025-08-24 11:48:33,527 - INFO - 1 change detected
2025-08-24 11:48:33,930 - INFO - 1 change detected
2025-08-24 11:48:34,345 - INFO - 1 change detected
2025-08-24 11:48:34,760 - INFO - 1 change detected
2025-08-24 11:48:35,161 - INFO - 1 change detected
2025-08-24 11:48:35,525 - INFO - 1 change detected
2025-08-24 11:48:35,930 - INFO - 1 change detected
2025-08-24 11:48:36,345 - INFO - 1 change detected
2025-08-24 11:48:36,748 - INFO - 1 change detected
2025-08-24 11:48:37,161 - INFO - 1 change detected
2025-08-24 11:48:37,564 - INFO - 1 change detected
2025-08-24 11:48:37,929 - INFO - 1 change detected
2025-08-24 11:48:38,334 - INFO - 1 change detected
2025-08-24 11:48:38,738 - INFO - 1 change detected
2025-08-24 11:48:39,140 - INFO - 1 change detected
2025-08-24 11:48:39,543 - INFO - 1 change detected
2025-08-24 11:48:39,958 - INFO - 1 change detected
2025-08-24 11:48:40,374 - INFO - 1 change detected
2025-08-24 11:48:41,081 - INFO - 1 change detected
2025-08-24 11:48:41,436 - INFO - 1 change detected
2025-08-24 11:48:41,841 - INFO - 1 change detected
2025-08-24 11:48:42,253 - INFO - 1 change detected
2025-08-24 11:48:42,655 - INFO - 1 change detected
2025-08-24 11:48:43,058 - INFO - 1 change detected
2025-08-24 11:48:43,474 - INFO - 1 change detected
2025-08-24 11:48:43,839 - INFO - 1 change detected
2025-08-24 11:48:44,245 - INFO - 1 change detected
2025-08-24 11:48:44,660 - INFO - 1 change detected
2025-08-24 11:48:45,061 - INFO - 1 change detected
2025-08-24 11:48:45,462 - INFO - 1 change detected
2025-08-24 11:48:45,867 - INFO - 1 change detected
2025-08-24 11:48:46,268 - INFO - 1 change detected
2025-08-24 11:48:46,683 - INFO - 1 change detected
2025-08-24 11:48:47,046 - INFO - 1 change detected
2025-08-24 11:48:47,450 - INFO - 1 change detected
2025-08-24 11:48:47,854 - INFO - 1 change detected
2025-08-24 11:48:48,270 - INFO - 1 change detected
2025-08-24 11:48:48,671 - INFO - 1 change detected
2025-08-24 11:48:49,087 - INFO - 1 change detected
2025-08-24 11:48:49,490 - INFO - 1 change detected
2025-08-24 11:48:49,841 - INFO - 1 change detected
2025-08-24 11:48:50,246 - INFO - 1 change detected
2025-08-24 11:48:50,662 - INFO - 1 change detected
2025-08-24 11:48:51,026 - INFO - 1 change detected
2025-08-24 11:48:51,431 - INFO - 1 change detected
2025-08-24 11:48:51,797 - INFO - 1 change detected
2025-08-24 11:48:52,200 - INFO - 1 change detected
2025-08-24 11:48:52,601 - INFO - 1 change detected
2025-08-24 11:48:53,003 - INFO - 2 changes detected
2025-08-24 11:49:09,654 - INFO - SELECT DATABASE()
2025-08-24 11:49:09,654 - INFO - [raw sql] {}
2025-08-24 11:49:09,656 - INFO - SELECT @@sql_mode
2025-08-24 11:49:09,656 - INFO - [raw sql] {}
2025-08-24 11:49:09,657 - INFO - SELECT @@lower_case_table_names
2025-08-24 11:49:09,657 - INFO - [raw sql] {}
2025-08-24 11:49:09,659 - INFO - BEGIN (implicit)
2025-08-24 11:49:09,659 - INFO - DESCRIBE `godlife`.`vocabularies`
2025-08-24 11:49:09,659 - INFO - [raw sql] {}
2025-08-24 11:49:09,670 - INFO - DESCRIBE `godlife`.`vocabulary_items`
2025-08-24 11:49:09,670 - INFO - [raw sql] {}
2025-08-24 11:49:09,672 - INFO - COMMIT
2025-08-24 11:49:10,142 - INFO - 1 change detected
2025-08-24 11:49:10,671 - INFO - 6 changes detected
2025-08-24 11:49:11,147 - INFO - SELECT DATABASE()
2025-08-24 11:49:11,147 - INFO - [raw sql] {}
2025-08-24 11:49:11,149 - INFO - SELECT @@sql_mode
2025-08-24 11:49:11,150 - INFO - [raw sql] {}
2025-08-24 11:49:11,151 - INFO - SELECT @@lower_case_table_names
2025-08-24 11:49:11,151 - INFO - [raw sql] {}
2025-08-24 11:49:11,152 - INFO - BEGIN (implicit)
2025-08-24 11:49:11,153 - INFO - DESCRIBE `godlife`.`vocabularies`
2025-08-24 11:49:11,153 - INFO - [raw sql] {}
2025-08-24 11:49:11,155 - INFO - DESCRIBE `godlife`.`vocabulary_items`
2025-08-24 11:49:11,155 - INFO - [raw sql] {}
2025-08-24 11:49:11,156 - INFO - COMMIT
2025-08-24 11:49:11,225 - INFO - 1 change detected
2025-08-24 11:49:11,234 - INFO - BEGIN (implicit)
2025-08-24 11:49:11,234 - INFO - DESCRIBE `godlife`.`vocabularies`
2025-08-24 11:49:11,234 - INFO - [raw sql] {}
2025-08-24 11:49:11,237 - INFO - DESCRIBE `godlife`.`vocabulary_items`
2025-08-24 11:49:11,237 - INFO - [raw sql] {}
2025-08-24 11:49:11,239 - INFO - COMMIT
2025-08-24 11:49:11,577 - INFO - 1 change detected
2025-08-24 11:49:11,928 - INFO - 1 change detected
2025-08-24 11:49:12,285 - INFO - 1 change detected
2025-08-24 11:49:12,641 - INFO - 1 change detected
2025-08-24 11:49:12,997 - INFO - 1 change detected
2025-08-24 11:49:13,353 - INFO - 1 change detected
2025-08-24 11:49:13,757 - INFO - 1 change detected
2025-08-24 11:49:14,171 - INFO - 1 change detected
2025-08-24 11:49:14,572 - INFO - 1 change detected
2025-08-24 11:49:14,975 - INFO - 1 change detected
2025-08-24 11:49:15,377 - INFO - 1 change detected
2025-08-24 11:49:15,783 - INFO - 1 change detected
2025-08-24 11:49:16,146 - INFO - 1 change detected
2025-08-24 11:49:16,551 - INFO - 1 change detected
2025-08-24 11:49:16,952 - INFO - 1 change detected
2025-08-24 11:49:17,365 - INFO - 1 change detected
2025-08-24 11:49:17,769 - INFO - 1 change detected
2025-08-24 11:49:18,172 - INFO - 1 change detected
2025-08-24 11:49:18,577 - INFO - 1 change detected
2025-08-24 11:49:18,980 - INFO - 1 change detected
2025-08-24 11:49:19,384 - INFO - 1 change detected
2025-08-24 11:49:19,798 - INFO - 1 change detected
2025-08-24 11:49:20,200 - INFO - 1 change detected
2025-08-24 11:49:20,603 - INFO - 1 change detected
2025-08-24 11:49:20,968 - INFO - 3 changes detected
2025-08-24 11:49:25,318 - INFO - 1 change detected
2025-08-24 11:49:25,673 - INFO - 6 changes detected
2025-08-24 11:49:25,783 - INFO - SELECT DATABASE()
2025-08-24 11:49:25,783 - INFO - [raw sql] {}
2025-08-24 11:49:25,785 - INFO - SELECT @@sql_mode
2025-08-24 11:49:25,785 - INFO - [raw sql] {}
2025-08-24 11:49:25,785 - INFO - SELECT @@lower_case_table_names
2025-08-24 11:49:25,785 - INFO - [raw sql] {}
2025-08-24 11:49:25,787 - INFO - BEGIN (implicit)
2025-08-24 11:49:25,787 - INFO - DESCRIBE `godlife`.`vocabularies`
2025-08-24 11:49:25,787 - INFO - [raw sql] {}
2025-08-24 11:49:25,793 - INFO - DESCRIBE `godlife`.`vocabulary_items`
2025-08-24 11:49:25,793 - INFO - [raw sql] {}
2025-08-24 11:49:25,795 - INFO - COMMIT
2025-08-24 11:49:25,866 - INFO - BEGIN (implicit)
2025-08-24 11:49:25,868 - INFO - DESCRIBE `godlife`.`vocabularies`
2025-08-24 11:49:25,868 - INFO - [raw sql] {}
2025-08-24 11:49:25,870 - INFO - DESCRIBE `godlife`.`vocabulary_items`
2025-08-24 11:49:25,870 - INFO - [raw sql] {}
2025-08-24 11:49:25,871 - INFO - COMMIT
2025-08-24 11:49:26,028 - INFO - 6 changes detected
2025-08-24 11:49:26,381 - INFO - 1 change detected
2025-08-24 11:49:26,736 - INFO - 1 change detected
2025-08-24 11:49:27,090 - INFO - 1 change detected
2025-08-24 11:49:27,797 - INFO - 1 change detected
2025-08-24 11:49:28,156 - INFO - 1 change detected
2025-08-24 11:49:28,563 - INFO - 1 change detected
2025-08-24 11:49:28,965 - INFO - 1 change detected
2025-08-24 11:49:29,380 - INFO - 1 change detected
2025-08-24 11:49:29,745 - INFO - 1 change detected
2025-08-24 11:49:30,149 - INFO - 1 change detected
2025-08-24 11:49:30,550 - INFO - 1 change detected
2025-08-24 11:49:30,952 - INFO - 1 change detected
2025-08-24 11:49:31,368 - INFO - 1 change detected
2025-08-24 11:49:31,770 - INFO - 1 change detected
2025-08-24 11:49:32,184 - INFO - 1 change detected
2025-08-24 11:49:32,589 - INFO - 1 change detected
2025-08-24 11:49:32,954 - INFO - 1 change detected
2025-08-24 11:49:33,310 - INFO - 1 change detected
2025-08-24 11:49:33,665 - INFO - 1 change detected
2025-08-24 11:49:34,016 - INFO - 1 change detected
2025-08-24 11:49:34,370 - INFO - 1 change detected
2025-08-24 11:49:34,775 - INFO - 1 change detected
2025-08-24 11:49:35,190 - INFO - 1 change detected
2025-08-24 11:49:35,591 - INFO - 1 change detected
2025-08-24 11:49:35,993 - INFO - 1 change detected
2025-08-24 11:49:36,357 - INFO - 1 change detected
2025-08-24 11:49:36,815 - INFO - 1 change detected
2025-08-24 11:49:37,430 - INFO - 1 change detected
2025-08-24 11:49:37,790 - INFO - 1 change detected
2025-08-24 11:49:38,145 - INFO - 1 change detected
2025-08-24 11:49:38,547 - INFO - 1 change detected
2025-08-24 11:49:38,957 - INFO - 1 change detected
2025-08-24 11:49:39,359 - INFO - 1 change detected
2025-08-24 11:49:39,711 - INFO - 1 change detected
2025-08-24 11:49:40,114 - INFO - 1 change detected
2025-08-24 11:49:40,516 - INFO - 1 change detected
2025-08-24 11:49:40,932 - INFO - 1 change detected
2025-08-24 11:49:41,343 - INFO - 1 change detected
2025-08-24 11:49:41,708 - INFO - 1 change detected
2025-08-24 11:49:42,114 - INFO - 1 change detected
2025-08-24 11:49:42,516 - INFO - 1 change detected
2025-08-24 11:49:42,919 - INFO - 1 change detected
2025-08-24 11:49:43,334 - INFO - 1 change detected
2025-08-24 11:49:43,699 - INFO - 1 change detected
2025-08-24 11:49:44,113 - INFO - 1 change detected
2025-08-24 11:49:44,527 - INFO - 1 change detected
2025-08-24 11:49:44,891 - INFO - 1 change detected
2025-08-24 11:49:45,293 - INFO - 1 change detected
2025-08-24 11:49:45,709 - INFO - 1 change detected
2025-08-24 11:49:46,111 - INFO - 1 change detected
2025-08-24 11:49:46,476 - INFO - 1 change detected
2025-08-24 11:49:46,882 - INFO - 1 change detected
2025-08-24 11:49:47,295 - INFO - 1 change detected
2025-08-24 11:49:47,709 - INFO - 1 change detected
2025-08-24 11:49:48,073 - INFO - 1 change detected
2025-08-24 11:49:48,478 - INFO - 1 change detected
2025-08-24 11:49:48,880 - INFO - 1 change detected
2025-08-24 11:49:49,281 - INFO - 1 change detected
2025-08-24 11:49:49,696 - INFO - 1 change detected
2025-08-24 11:49:50,060 - INFO - 1 change detected
2025-08-24 11:49:50,476 - INFO - 1 change detected
2025-08-24 11:49:50,879 - INFO - 1 change detected
2025-08-24 11:49:51,243 - INFO - 1 change detected
2025-08-24 11:49:51,647 - INFO - 1 change detected
2025-08-24 11:49:52,316 - INFO - 1 change detected
2025-08-24 11:49:52,672 - INFO - 1 change detected
2025-08-24 11:49:53,078 - INFO - 1 change detected
2025-08-24 11:49:53,480 - INFO - 1 change detected
2025-08-24 11:49:53,845 - INFO - 1 change detected
2025-08-24 11:49:54,248 - INFO - 1 change detected
2025-08-24 11:49:54,654 - INFO - 1 change detected
2025-08-24 11:49:55,067 - INFO - 1 change detected
2025-08-24 11:49:55,482 - INFO - 1 change detected
2025-08-24 11:49:55,883 - INFO - 1 change detected
2025-08-24 11:49:56,248 - INFO - 1 change detected
2025-08-24 11:49:56,650 - INFO - 1 change detected
2025-08-24 11:49:57,065 - INFO - 1 change detected
2025-08-24 11:49:57,468 - INFO - 1 change detected
2025-08-24 11:49:57,872 - INFO - 1 change detected
2025-08-24 11:49:58,739 - INFO - 1 change detected
2025-08-24 11:49:59,099 - INFO - 1 change detected
2025-08-24 11:49:59,454 - INFO - 1 change detected
2025-08-24 11:49:59,857 - INFO - 1 change detected
2025-08-24 11:50:00,258 - INFO - 1 change detected
2025-08-24 11:50:00,669 - INFO - 1 change detected
2025-08-24 11:50:01,034 - INFO - 1 change detected
2025-08-24 11:50:01,441 - INFO - 1 change detected
2025-08-24 11:50:01,842 - INFO - 1 change detected
2025-08-24 11:50:02,252 - INFO - 1 change detected
2025-08-24 11:50:02,657 - INFO - 1 change detected
2025-08-24 11:50:03,065 - INFO - 1 change detected
2025-08-24 11:50:03,467 - INFO - 1 change detected
2025-08-24 11:50:03,870 - INFO - 1 change detected
2025-08-24 11:50:04,283 - INFO - 1 change detected
2025-08-24 11:50:04,650 - INFO - 1 change detected
2025-08-24 11:50:05,055 - INFO - 1 change detected
2025-08-24 11:50:05,457 - INFO - 1 change detected
2025-08-24 11:50:05,861 - INFO - 1 change detected
2025-08-24 11:50:06,312 - INFO - 1 change detected
2025-08-24 11:50:06,675 - INFO - 1 change detected
2025-08-24 11:50:07,078 - INFO - 1 change detected
2025-08-24 11:50:07,490 - INFO - 1 change detected
2025-08-24 11:50:07,899 - INFO - 1 change detected
2025-08-24 11:50:08,264 - INFO - 1 change detected
2025-08-24 11:50:08,668 - INFO - 2 changes detected
2025-08-24 11:51:01,211 - INFO - 4 changes detected
2025-08-24 11:51:01,783 - INFO - 8 changes detected
2025-08-24 11:51:02,392 - INFO - 5 changes detected
2025-08-24 11:51:02,749 - INFO - 8 changes detected
2025-08-24 11:51:03,102 - INFO - 1 change detected
2025-08-24 11:51:03,860 - INFO - 1 change detected
2025-08-24 11:51:04,212 - INFO - 1 change detected
2025-08-24 11:51:04,569 - INFO - 1 change detected
2025-08-24 11:51:04,924 - INFO - 1 change detected
2025-08-24 11:51:05,276 - INFO - 1 change detected
2025-08-24 11:51:05,630 - INFO - 1 change detected
2025-08-24 11:51:05,986 - INFO - 1 change detected
2025-08-24 11:51:06,394 - INFO - 1 change detected
2025-08-24 11:51:06,810 - INFO - 1 change detected
2025-08-24 11:51:07,172 - INFO - 1 change detected
2025-08-24 11:51:07,577 - INFO - 1 change detected
2025-08-24 11:51:07,993 - INFO - 1 change detected
2025-08-24 11:51:08,406 - INFO - 1 change detected
2025-08-24 11:51:08,809 - INFO - 1 change detected
2025-08-24 11:51:09,211 - INFO - 1 change detected
2025-08-24 11:51:09,614 - INFO - 1 change detected
2025-08-24 11:51:10,017 - INFO - 1 change detected
2025-08-24 11:51:10,380 - INFO - 1 change detected
2025-08-24 11:51:10,785 - INFO - 1 change detected
2025-08-24 11:51:11,190 - INFO - 1 change detected
2025-08-24 11:51:11,606 - INFO - 1 change detected
2025-08-24 11:51:12,010 - INFO - 1 change detected
2025-08-24 11:51:12,425 - INFO - 1 change detected
2025-08-24 11:51:12,790 - INFO - 1 change detected
2025-08-24 11:51:13,195 - INFO - 1 change detected
2025-08-24 11:51:13,599 - INFO - 1 change detected
2025-08-24 11:51:14,002 - INFO - 1 change detected
2025-08-24 11:51:14,405 - INFO - 1 change detected
2025-08-24 11:51:14,821 - INFO - 1 change detected
2025-08-24 11:51:15,234 - INFO - 1 change detected
2025-08-24 11:51:15,598 - INFO - 1 change detected
2025-08-24 11:51:16,001 - INFO - 1 change detected
2025-08-24 11:51:16,416 - INFO - 1 change detected
2025-08-24 11:51:16,829 - INFO - 1 change detected
2025-08-24 11:51:17,195 - INFO - 1 change detected
2025-08-24 11:51:17,598 - INFO - 1 change detected
2025-08-24 11:51:18,001 - INFO - 1 change detected
2025-08-24 11:51:18,416 - INFO - 1 change detected
2025-08-24 11:51:18,818 - INFO - 1 change detected
2025-08-24 11:51:19,183 - INFO - 1 change detected
2025-08-24 11:51:19,585 - INFO - 1 change detected
2025-08-24 11:51:20,000 - INFO - 1 change detected
2025-08-24 11:51:20,415 - INFO - 1 change detected
2025-08-24 11:51:20,781 - INFO - 1 change detected
2025-08-24 11:51:21,187 - INFO - 1 change detected
2025-08-24 11:51:21,590 - INFO - 1 change detected
2025-08-24 11:51:22,006 - INFO - 1 change detected
2025-08-24 11:51:22,422 - INFO - 1 change detected
2025-08-24 11:51:22,788 - INFO - 1 change detected
2025-08-24 11:51:23,192 - INFO - 1 change detected
2025-08-24 11:51:23,607 - INFO - 1 change detected
2025-08-24 11:51:24,022 - INFO - 1 change detected
2025-08-24 11:51:24,386 - INFO - 1 change detected
2025-08-24 11:51:24,788 - INFO - 1 change detected
2025-08-24 11:51:25,190 - INFO - 1 change detected
2025-08-24 11:51:25,852 - INFO - 1 change detected
2025-08-24 11:51:26,214 - INFO - 1 change detected
2025-08-24 11:51:26,570 - INFO - 1 change detected
2025-08-24 11:51:26,971 - INFO - 1 change detected
2025-08-24 11:51:27,384 - INFO - 1 change detected
2025-08-24 11:51:27,799 - INFO - 1 change detected
2025-08-24 11:51:28,163 - INFO - 1 change detected
2025-08-24 11:51:28,567 - INFO - 1 change detected
2025-08-24 11:51:28,982 - INFO - 1 change detected
2025-08-24 11:51:29,384 - INFO - 1 change detected
2025-08-24 11:51:29,747 - INFO - 1 change detected
2025-08-24 11:51:30,151 - INFO - 1 change detected
2025-08-24 11:51:30,553 - INFO - 1 change detected
2025-08-24 11:51:30,963 - INFO - 1 change detected
2025-08-24 11:51:31,367 - INFO - 1 change detected
2025-08-24 11:51:31,784 - INFO - 1 change detected
2025-08-24 11:51:32,146 - INFO - 1 change detected
2025-08-24 11:51:32,550 - INFO - 1 change detected
2025-08-24 11:51:32,955 - INFO - 1 change detected
2025-08-24 11:51:33,358 - INFO - 1 change detected
2025-08-24 11:51:33,760 - INFO - 1 change detected
2025-08-24 11:51:34,162 - INFO - 1 change detected
2025-08-24 11:51:34,564 - INFO - 1 change detected
2025-08-24 11:51:34,976 - INFO - 1 change detected
2025-08-24 11:51:35,377 - INFO - 1 change detected
2025-08-24 11:51:35,791 - INFO - 1 change detected
2025-08-24 11:51:36,155 - INFO - 1 change detected
2025-08-24 11:51:36,564 - INFO - 1 change detected
2025-08-24 11:51:36,980 - INFO - 1 change detected
2025-08-24 11:51:37,396 - INFO - 1 change detected
2025-08-24 11:51:37,799 - INFO - 1 change detected
2025-08-24 11:51:38,164 - INFO - 1 change detected
2025-08-24 11:51:38,566 - INFO - 1 change detected
2025-08-24 11:51:38,981 - INFO - 1 change detected
2025-08-24 11:51:39,345 - INFO - 1 change detected
2025-08-24 11:51:39,760 - INFO - 1 change detected
2025-08-24 11:51:40,177 - INFO - 1 change detected
2025-08-24 11:51:40,578 - INFO - 1 change detected
2025-08-24 11:51:40,992 - INFO - 1 change detected
2025-08-24 11:51:41,358 - INFO - 1 change detected
2025-08-24 11:51:41,766 - INFO - 1 change detected
2025-08-24 11:51:42,181 - INFO - 1 change detected
2025-08-24 11:51:42,596 - INFO - 1 change detected
2025-08-24 11:51:42,961 - INFO - 1 change detected
2025-08-24 11:51:43,366 - INFO - 1 change detected
2025-08-24 11:51:43,769 - INFO - 1 change detected
2025-08-24 11:51:44,182 - INFO - 1 change detected
2025-08-24 11:51:44,597 - INFO - 1 change detected
2025-08-24 11:51:44,962 - INFO - 1 change detected
2025-08-24 11:51:45,369 - INFO - 1 change detected
2025-08-24 11:51:45,784 - INFO - 1 change detected
2025-08-24 11:51:46,196 - INFO - 1 change detected
2025-08-24 11:51:46,597 - INFO - 1 change detected
2025-08-24 11:51:46,961 - INFO - 1 change detected
2025-08-24 11:51:47,366 - INFO - 1 change detected
2025-08-24 11:51:47,768 - INFO - 1 change detected
2025-08-24 11:51:48,171 - INFO - 1 change detected
2025-08-24 11:51:48,587 - INFO - 1 change detected
2025-08-24 11:51:49,003 - INFO - 1 change detected
2025-08-24 11:51:49,356 - INFO - 1 change detected
2025-08-24 11:51:49,760 - INFO - 1 change detected
2025-08-24 11:51:50,175 - INFO - 1 change detected
2025-08-24 11:51:50,589 - INFO - 1 change detected
2025-08-24 11:51:50,999 - INFO - 1 change detected
2025-08-24 11:51:51,400 - INFO - 1 change detected
2025-08-24 11:51:51,765 - INFO - 1 change detected
2025-08-24 11:51:52,169 - INFO - 1 change detected
2025-08-24 11:51:52,585 - INFO - 1 change detected
2025-08-24 11:51:52,988 - INFO - 1 change detected
2025-08-24 11:51:53,405 - INFO - 1 change detected
2025-08-24 11:51:53,808 - INFO - 1 change detected
2025-08-24 11:51:54,171 - INFO - 1 change detected
2025-08-24 11:51:54,577 - INFO - 1 change detected
2025-08-24 11:51:54,991 - INFO - 1 change detected
2025-08-24 11:51:55,393 - INFO - 1 change detected
2025-08-24 11:51:55,810 - INFO - 1 change detected
2025-08-24 11:51:56,225 - INFO - 1 change detected
2025-08-24 11:51:56,627 - INFO - 1 change detected
2025-08-24 11:51:56,991 - INFO - 1 change detected
2025-08-24 11:51:57,396 - INFO - 1 change detected
2025-08-24 11:51:57,811 - INFO - 1 change detected
2025-08-24 11:51:58,226 - INFO - 1 change detected
2025-08-24 11:51:58,628 - INFO - 1 change detected
2025-08-24 11:51:58,994 - INFO - 1 change detected
2025-08-24 11:51:59,398 - INFO - 1 change detected
2025-08-24 11:51:59,812 - INFO - 1 change detected
2025-08-24 11:52:00,217 - INFO - 1 change detected
2025-08-24 11:52:00,621 - INFO - 1 change detected
2025-08-24 11:52:01,035 - INFO - 1 change detected
2025-08-24 11:52:01,437 - INFO - 1 change detected
2025-08-24 11:52:01,839 - INFO - 1 change detected
2025-08-24 11:52:02,203 - INFO - 1 change detected
2025-08-24 11:52:02,606 - INFO - 1 change detected
2025-08-24 11:52:03,022 - INFO - 1 change detected
2025-08-24 11:52:03,435 - INFO - 1 change detected
2025-08-24 11:52:03,839 - INFO - 1 change detected
2025-08-24 11:52:04,204 - INFO - 1 change detected
2025-08-24 11:52:04,610 - INFO - 1 change detected
2025-08-24 11:52:05,023 - INFO - 1 change detected
2025-08-24 11:52:05,426 - INFO - 1 change detected
2025-08-24 11:52:05,828 - INFO - 1 change detected
2025-08-24 11:52:06,239 - INFO - 1 change detected
2025-08-24 11:52:06,605 - INFO - 1 change detected
2025-08-24 11:52:07,007 - INFO - 1 change detected
2025-08-24 11:52:07,420 - INFO - 1 change detected
2025-08-24 11:52:07,824 - INFO - 1 change detected
2025-08-24 11:52:08,187 - INFO - 1 change detected
2025-08-24 11:52:08,595 - INFO - 1 change detected
2025-08-24 11:52:08,996 - INFO - 1 change detected
2025-08-24 11:52:09,399 - INFO - 1 change detected
2025-08-24 11:52:09,816 - INFO - 1 change detected
2025-08-24 11:52:10,232 - INFO - 1 change detected
2025-08-24 11:52:10,637 - INFO - 1 change detected
2025-08-24 11:52:11,001 - INFO - 1 change detected
2025-08-24 11:52:11,410 - INFO - 1 change detected
2025-08-24 11:52:11,813 - INFO - 1 change detected
2025-08-24 11:52:12,227 - INFO - 1 change detected
2025-08-24 11:52:12,642 - INFO - 1 change detected
2025-08-24 11:52:13,045 - INFO - 1 change detected
2025-08-24 11:52:13,461 - INFO - 1 change detected
2025-08-24 11:52:13,865 - INFO - 1 change detected
2025-08-24 11:52:14,231 - INFO - 1 change detected
2025-08-24 11:52:14,638 - INFO - 1 change detected
2025-08-24 11:52:15,052 - INFO - 1 change detected
2025-08-24 11:52:15,455 - INFO - 1 change detected
2025-08-24 11:52:15,870 - INFO - 1 change detected
2025-08-24 11:52:16,235 - INFO - 1 change detected
2025-08-24 11:52:16,639 - INFO - 1 change detected
2025-08-24 11:52:17,051 - INFO - 1 change detected
2025-08-24 11:52:17,467 - INFO - 1 change detected
2025-08-24 11:52:17,869 - INFO - 1 change detected
2025-08-24 11:52:18,271 - INFO - 1 change detected
2025-08-24 11:52:18,634 - INFO - 1 change detected
2025-08-24 11:52:19,040 - INFO - 1 change detected
2025-08-24 11:52:19,456 - INFO - 1 change detected
2025-08-24 11:52:19,872 - INFO - 1 change detected
2025-08-24 11:52:20,236 - INFO - 1 change detected
2025-08-24 11:52:20,639 - INFO - 1 change detected
2025-08-24 11:52:21,042 - INFO - 1 change detected
2025-08-24 11:52:21,443 - INFO - 1 change detected
2025-08-24 11:52:21,845 - INFO - 1 change detected
2025-08-24 11:52:22,258 - INFO - 1 change detected
2025-08-24 11:52:22,671 - INFO - 1 change detected
2025-08-24 11:52:23,033 - INFO - 1 change detected
2025-08-24 11:52:23,434 - INFO - 1 change detected
2025-08-24 11:52:23,889 - INFO - 1 change detected
2025-08-24 11:52:24,252 - INFO - 1 change detected
2025-08-24 11:52:24,660 - INFO - 1 change detected
2025-08-24 11:52:25,074 - INFO - 1 change detected
2025-08-24 11:52:25,476 - INFO - 1 change detected
2025-08-24 11:52:26,395 - INFO - 1 change detected
2025-08-24 11:52:26,751 - INFO - 1 change detected
2025-08-24 11:52:27,117 - INFO - 1 change detected
2025-08-24 11:52:27,524 - INFO - 1 change detected
2025-08-24 11:52:27,890 - INFO - 1 change detected
2025-08-24 11:52:28,294 - INFO - 1 change detected
2025-08-24 11:52:28,697 - INFO - 1 change detected
2025-08-24 11:52:29,099 - INFO - 1 change detected
2025-08-24 11:52:29,502 - INFO - 1 change detected
2025-08-24 11:52:29,916 - INFO - 1 change detected
2025-08-24 11:52:30,319 - INFO - 1 change detected
2025-08-24 11:52:30,735 - INFO - 1 change detected
2025-08-24 11:52:31,151 - INFO - 1 change detected
2025-08-24 11:52:31,567 - INFO - 1 change detected
2025-08-24 11:52:31,969 - INFO - 1 change detected
2025-08-24 11:52:32,335 - INFO - 1 change detected
2025-08-24 11:52:32,742 - INFO - 1 change detected
2025-08-24 11:52:33,155 - INFO - 1 change detected
2025-08-24 11:52:33,568 - INFO - 1 change detected
2025-08-24 11:52:33,928 - INFO - 1 change detected
2025-08-24 11:52:34,333 - INFO - 1 change detected
2025-08-24 11:52:34,737 - INFO - 1 change detected
2025-08-24 11:52:35,152 - INFO - 1 change detected
2025-08-24 11:52:35,556 - INFO - 1 change detected
2025-08-24 11:52:35,921 - INFO - 1 change detected
2025-08-24 11:52:36,322 - INFO - 1 change detected
2025-08-24 11:52:36,724 - INFO - 1 change detected
2025-08-24 11:52:37,125 - INFO - 1 change detected
2025-08-24 11:52:37,527 - INFO - 1 change detected
2025-08-24 11:52:37,943 - INFO - 1 change detected
2025-08-24 11:52:38,358 - INFO - 1 change detected
2025-08-24 11:52:38,722 - INFO - 1 change detected
2025-08-24 11:52:39,126 - INFO - 1 change detected
2025-08-24 11:52:39,527 - INFO - 1 change detected
2025-08-24 11:52:39,943 - INFO - 1 change detected
2025-08-24 11:52:40,345 - INFO - 1 change detected
2025-08-24 11:52:40,760 - INFO - 1 change detected
2025-08-24 11:52:41,122 - INFO - 1 change detected
2025-08-24 11:52:41,529 - INFO - 1 change detected
2025-08-24 11:52:41,942 - INFO - 1 change detected
2025-08-24 11:52:42,358 - INFO - 1 change detected
2025-08-24 11:52:42,719 - INFO - 1 change detected
2025-08-24 11:52:43,123 - INFO - 1 change detected
2025-08-24 11:52:43,526 - INFO - 1 change detected
2025-08-24 11:52:43,927 - INFO - 1 change detected
2025-08-24 11:52:44,342 - INFO - 1 change detected
2025-08-24 11:52:44,706 - INFO - 1 change detected
2025-08-24 11:52:45,109 - INFO - 1 change detected
2025-08-24 11:52:45,524 - INFO - 1 change detected
2025-08-24 11:52:45,937 - INFO - 1 change detected
2025-08-24 11:52:46,301 - INFO - 1 change detected
2025-08-24 11:52:46,705 - INFO - 1 change detected
2025-08-24 11:52:47,117 - INFO - 1 change detected
2025-08-24 11:52:47,532 - INFO - 1 change detected
2025-08-24 11:52:47,893 - INFO - 1 change detected
2025-08-24 11:52:48,310 - INFO - 1 change detected
2025-08-24 11:52:48,724 - INFO - 1 change detected
2025-08-24 11:52:49,088 - INFO - 1 change detected
2025-08-24 11:52:49,492 - INFO - 1 change detected
2025-08-24 11:52:49,905 - INFO - 1 change detected
2025-08-24 11:52:50,306 - INFO - 1 change detected
2025-08-24 11:52:50,710 - INFO - 1 change detected
2025-08-24 11:52:51,126 - INFO - 1 change detected
2025-08-24 11:52:51,540 - INFO - 1 change detected
2025-08-24 11:52:51,905 - INFO - 1 change detected
2025-08-24 11:52:52,309 - INFO - 1 change detected
2025-08-24 11:52:52,723 - INFO - 1 change detected
2025-08-24 11:52:53,087 - INFO - 1 change detected
2025-08-24 11:52:53,490 - INFO - 1 change detected
2025-08-24 11:52:53,893 - INFO - 1 change detected
2025-08-24 11:52:54,308 - INFO - 1 change detected
2025-08-24 11:52:54,709 - INFO - 1 change detected
2025-08-24 11:52:55,111 - INFO - 1 change detected
2025-08-24 11:52:55,513 - INFO - 1 change detected
2025-08-24 11:52:55,928 - INFO - 1 change detected
2025-08-24 11:52:56,330 - INFO - 1 change detected
2025-08-24 11:52:56,731 - INFO - 1 change detected
2025-08-24 11:52:57,096 - INFO - 1 change detected
2025-08-24 11:52:57,501 - INFO - 1 change detected
2025-08-24 11:52:57,902 - INFO - 1 change detected
2025-08-24 11:52:58,318 - INFO - 1 change detected
2025-08-24 11:52:58,732 - INFO - 1 change detected
2025-08-24 11:52:59,096 - INFO - 1 change detected
2025-08-24 11:52:59,502 - INFO - 1 change detected
2025-08-24 11:52:59,918 - INFO - 1 change detected
2025-08-24 11:53:00,331 - INFO - 1 change detected
2025-08-24 11:53:00,734 - INFO - 1 change detected
2025-08-24 11:53:01,099 - INFO - 1 change detected
2025-08-24 11:53:01,501 - INFO - 1 change detected
2025-08-24 11:53:01,904 - INFO - 1 change detected
2025-08-24 11:53:02,307 - INFO - 1 change detected
2025-08-24 11:53:02,723 - INFO - 1 change detected
2025-08-24 11:53:03,125 - INFO - 1 change detected
2025-08-24 11:53:03,540 - INFO - 1 change detected
2025-08-24 11:53:03,903 - INFO - 1 change detected
2025-08-24 11:53:04,356 - INFO - 1 change detected
2025-08-24 11:53:04,719 - INFO - 1 change detected
2025-08-24 11:53:05,124 - INFO - 1 change detected
2025-08-24 11:53:05,527 - INFO - 1 change detected
2025-08-24 11:53:05,942 - INFO - 1 change detected
2025-08-24 11:53:06,355 - INFO - 1 change detected
2025-08-24 11:53:06,719 - INFO - 1 change detected
2025-08-24 11:53:07,123 - INFO - 1 change detected
2025-08-24 11:53:07,537 - INFO - 1 change detected
2025-08-24 11:53:07,951 - INFO - 1 change detected
2025-08-24 11:53:08,312 - INFO - 1 change detected
2025-08-24 11:53:08,715 - INFO - 1 change detected
2025-08-24 11:53:09,120 - INFO - 1 change detected
2025-08-24 11:53:09,533 - INFO - 1 change detected
2025-08-24 11:53:09,949 - INFO - 1 change detected
2025-08-24 11:53:10,353 - INFO - 1 change detected
2025-08-24 11:53:10,713 - INFO - 1 change detected
2025-08-24 11:53:11,115 - INFO - 1 change detected
2025-08-24 11:53:11,528 - INFO - 1 change detected
2025-08-24 11:53:11,894 - INFO - 1 change detected
2025-08-24 11:53:12,298 - INFO - 1 change detected
2025-08-24 11:53:12,699 - INFO - 1 change detected
2025-08-24 11:53:13,102 - INFO - 1 change detected
2025-08-24 11:53:13,515 - INFO - 1 change detected
2025-08-24 11:53:13,930 - INFO - 1 change detected
2025-08-24 11:53:14,294 - INFO - 1 change detected
2025-08-24 11:53:14,699 - INFO - 1 change detected
2025-08-24 11:53:15,101 - INFO - 1 change detected
2025-08-24 11:53:15,514 - INFO - 1 change detected
2025-08-24 11:53:15,915 - INFO - 1 change detected
2025-08-24 11:53:16,317 - INFO - 1 change detected
2025-08-24 11:53:16,733 - INFO - 1 change detected
2025-08-24 11:53:17,136 - INFO - 1 change detected
2025-08-24 11:53:17,500 - INFO - 1 change detected
2025-08-24 11:53:17,905 - INFO - 1 change detected
2025-08-24 11:53:18,320 - INFO - 1 change detected
2025-08-24 11:53:18,734 - INFO - 1 change detected
2025-08-24 11:53:19,135 - INFO - 1 change detected
2025-08-24 11:53:19,498 - INFO - 1 change detected
2025-08-24 11:53:19,903 - INFO - 1 change detected
2025-08-24 11:53:20,305 - INFO - 1 change detected
2025-08-24 11:53:20,720 - INFO - 1 change detected
2025-08-24 11:53:21,123 - INFO - 1 change detected
2025-08-24 11:53:21,538 - INFO - 1 change detected
2025-08-24 11:53:21,939 - INFO - 1 change detected
2025-08-24 11:53:22,353 - INFO - 1 change detected
2025-08-24 11:53:22,755 - INFO - 1 change detected
2025-08-24 11:53:23,120 - INFO - 1 change detected
2025-08-24 11:53:23,528 - INFO - 1 change detected
2025-08-24 11:53:23,932 - INFO - 1 change detected
2025-08-24 11:53:24,344 - INFO - 1 change detected
2025-08-24 11:53:24,758 - INFO - 1 change detected
2025-08-24 11:53:25,123 - INFO - 1 change detected
2025-08-24 11:53:25,529 - INFO - 1 change detected
2025-08-24 11:53:25,945 - INFO - 1 change detected
2025-08-24 11:53:26,359 - INFO - 1 change detected
2025-08-24 11:53:26,917 - INFO - 1 change detected
2025-08-24 11:53:27,272 - INFO - 1 change detected
2025-08-24 11:53:27,628 - INFO - 1 change detected
2025-08-24 11:53:28,033 - INFO - 1 change detected
2025-08-24 11:53:28,435 - INFO - 1 change detected
2025-08-24 11:53:28,839 - INFO - 1 change detected
2025-08-24 11:53:29,256 - INFO - 1 change detected
2025-08-24 11:53:29,659 - INFO - 1 change detected
2025-08-24 11:53:30,074 - INFO - 1 change detected
2025-08-24 11:53:30,476 - INFO - 1 change detected
2025-08-24 11:53:30,879 - INFO - 1 change detected
2025-08-24 11:53:31,283 - INFO - 1 change detected
2025-08-24 11:53:31,686 - INFO - 1 change detected
2025-08-24 11:53:32,089 - INFO - 1 change detected
2025-08-24 11:53:32,493 - INFO - 1 change detected
2025-08-24 11:53:32,896 - INFO - 1 change detected
2025-08-24 11:53:33,299 - INFO - 1 change detected
2025-08-24 11:53:33,715 - INFO - 1 change detected
2025-08-24 11:53:34,079 - INFO - 1 change detected
2025-08-24 11:53:34,484 - INFO - 1 change detected
2025-08-24 11:53:34,887 - INFO - 1 change detected
2025-08-24 11:53:35,292 - INFO - 1 change detected
2025-08-24 11:53:35,694 - INFO - 1 change detected
2025-08-24 11:53:36,109 - INFO - 1 change detected
2025-08-24 11:53:36,525 - INFO - 1 change detected
2025-08-24 11:53:36,927 - INFO - 1 change detected
2025-08-24 11:53:37,288 - INFO - 1 change detected
2025-08-24 11:53:37,695 - INFO - 1 change detected
2025-08-24 11:53:38,096 - INFO - 1 change detected
2025-08-24 11:53:38,512 - INFO - 1 change detected
2025-08-24 11:53:38,927 - INFO - 1 change detected
2025-08-24 11:53:39,289 - INFO - 1 change detected
2025-08-24 11:53:39,695 - INFO - 1 change detected
2025-08-24 11:53:40,107 - INFO - 1 change detected
2025-08-24 11:53:40,509 - INFO - 1 change detected
2025-08-24 11:53:40,910 - INFO - 1 change detected
2025-08-24 11:53:41,325 - INFO - 1 change detected
2025-08-24 11:53:41,729 - INFO - 1 change detected
2025-08-24 11:53:42,094 - INFO - 1 change detected
2025-08-24 11:53:42,499 - INFO - 1 change detected
2025-08-24 11:53:42,903 - INFO - 1 change detected
2025-08-24 11:53:43,317 - INFO - 1 change detected
2025-08-24 11:53:43,729 - INFO - 1 change detected
2025-08-24 11:53:44,146 - INFO - 1 change detected
2025-08-24 11:53:44,511 - INFO - 1 change detected
2025-08-24 11:53:44,914 - INFO - 1 change detected
2025-08-24 11:53:45,330 - INFO - 1 change detected
2025-08-24 11:53:45,746 - INFO - 1 change detected
2025-08-24 11:53:46,108 - INFO - 1 change detected
2025-08-24 11:53:46,516 - INFO - 1 change detected
2025-08-24 11:53:46,922 - INFO - 1 change detected
2025-08-24 11:53:47,324 - INFO - 1 change detected
2025-08-24 11:53:47,725 - INFO - 1 change detected
2025-08-24 11:53:48,140 - INFO - 1 change detected
2025-08-24 11:53:48,541 - INFO - 1 change detected
2025-08-24 11:53:48,945 - INFO - 1 change detected
2025-08-24 11:53:49,346 - INFO - 1 change detected
2025-08-24 11:53:49,749 - INFO - 1 change detected
2025-08-24 11:53:50,164 - INFO - 1 change detected
2025-08-24 11:53:50,565 - INFO - 1 change detected
2025-08-24 11:53:50,969 - INFO - 1 change detected
2025-08-24 11:53:51,371 - INFO - 1 change detected
2025-08-24 11:53:51,774 - INFO - 1 change detected
2025-08-24 11:53:52,136 - INFO - 1 change detected
2025-08-24 11:53:52,538 - INFO - 1 change detected
2025-08-24 11:53:52,952 - INFO - 1 change detected
2025-08-24 11:53:53,365 - INFO - 1 change detected
2025-08-24 11:53:53,730 - INFO - 1 change detected
2025-08-24 11:53:54,134 - INFO - 1 change detected
2025-08-24 11:53:54,536 - INFO - 1 change detected
2025-08-24 11:53:54,939 - INFO - 1 change detected
2025-08-24 11:53:55,354 - INFO - 1 change detected
2025-08-24 11:53:55,719 - INFO - 1 change detected
2025-08-24 11:53:56,121 - INFO - 1 change detected
2025-08-24 11:53:56,523 - INFO - 1 change detected
2025-08-24 11:53:56,924 - INFO - 1 change detected
2025-08-24 11:53:57,336 - INFO - 1 change detected
2025-08-24 11:53:57,752 - INFO - 1 change detected
2025-08-24 11:53:58,156 - INFO - 1 change detected
2025-08-24 11:53:58,521 - INFO - 1 change detected
2025-08-24 11:53:58,938 - INFO - 1 change detected
2025-08-24 11:53:59,352 - INFO - 1 change detected
2025-08-24 11:53:59,718 - INFO - 1 change detected
2025-08-24 11:54:00,135 - INFO - 1 change detected
2025-08-24 11:54:00,536 - INFO - 1 change detected
2025-08-24 11:54:00,952 - INFO - 1 change detected
2025-08-24 11:54:01,319 - INFO - 1 change detected
2025-08-24 11:54:01,726 - INFO - 1 change detected
2025-08-24 11:54:02,138 - INFO - 1 change detected
2025-08-24 11:54:02,540 - INFO - 1 change detected
2025-08-24 11:54:02,941 - INFO - 1 change detected
2025-08-24 11:54:03,344 - INFO - 1 change detected
2025-08-24 11:54:03,746 - INFO - 1 change detected
2025-08-24 11:54:04,160 - INFO - 1 change detected
2025-08-24 11:54:04,525 - INFO - 1 change detected
2025-08-24 11:54:04,931 - INFO - 1 change detected
2025-08-24 11:54:05,333 - INFO - 1 change detected
2025-08-24 11:54:05,736 - INFO - 1 change detected
2025-08-24 11:54:06,148 - INFO - 1 change detected
2025-08-24 11:54:06,550 - INFO - 1 change detected
2025-08-24 11:54:06,953 - INFO - 1 change detected
2025-08-24 11:54:07,356 - INFO - 1 change detected
2025-08-24 11:54:07,757 - INFO - 1 change detected
2025-08-24 11:54:08,173 - INFO - 1 change detected
2025-08-24 11:54:08,525 - INFO - 1 change detected
2025-08-24 11:54:08,881 - INFO - 1 change detected
2025-08-24 11:54:09,237 - INFO - 1 change detected
2025-08-24 11:54:09,590 - INFO - 1 change detected
2025-08-24 11:54:09,943 - INFO - 1 change detected
2025-08-24 11:54:10,295 - INFO - 1 change detected
2025-08-24 11:54:10,647 - INFO - 1 change detected
2025-08-24 11:54:11,012 - INFO - 1 change detected
2025-08-24 11:54:11,419 - INFO - 1 change detected
2025-08-24 11:54:11,833 - INFO - 1 change detected
2025-08-24 11:54:12,191 - INFO - 1 change detected
2025-08-24 11:54:12,596 - INFO - 1 change detected
2025-08-24 11:54:13,011 - INFO - 1 change detected
2025-08-24 11:54:13,427 - INFO - 1 change detected
2025-08-24 11:54:13,829 - INFO - 1 change detected
2025-08-24 11:54:14,193 - INFO - 1 change detected
2025-08-24 11:54:14,598 - INFO - 1 change detected
2025-08-24 11:54:15,008 - INFO - 1 change detected
2025-08-24 11:54:15,411 - INFO - 1 change detected
2025-08-24 11:54:15,826 - INFO - 1 change detected
2025-08-24 11:54:16,191 - INFO - 1 change detected
2025-08-24 11:54:16,597 - INFO - 1 change detected
2025-08-24 11:54:17,011 - INFO - 1 change detected
2025-08-24 11:54:17,426 - INFO - 1 change detected
2025-08-24 11:54:17,829 - INFO - 1 change detected
2025-08-24 11:54:18,193 - INFO - 1 change detected
2025-08-24 11:54:18,598 - INFO - 1 change detected
2025-08-24 11:54:18,999 - INFO - 1 change detected
2025-08-24 11:54:19,414 - INFO - 1 change detected
2025-08-24 11:54:19,831 - INFO - 1 change detected
2025-08-24 11:54:20,196 - INFO - 1 change detected
2025-08-24 11:54:20,601 - INFO - 1 change detected
2025-08-24 11:54:21,016 - INFO - 1 change detected
2025-08-24 11:54:21,417 - INFO - 1 change detected
2025-08-24 11:54:21,781 - INFO - 1 change detected
2025-08-24 11:54:22,183 - INFO - 1 change detected
2025-08-24 11:54:22,599 - INFO - 1 change detected
2025-08-24 11:54:23,013 - INFO - 1 change detected
2025-08-24 11:54:23,377 - INFO - 1 change detected
2025-08-24 11:54:23,782 - INFO - 1 change detected
2025-08-24 11:54:24,198 - INFO - 1 change detected
2025-08-24 11:54:24,599 - INFO - 1 change detected
2025-08-24 11:54:25,014 - INFO - 1 change detected
2025-08-24 11:54:25,417 - INFO - 1 change detected
2025-08-24 11:54:25,820 - INFO - 1 change detected
2025-08-24 11:54:26,181 - INFO - 1 change detected
2025-08-24 11:54:26,587 - INFO - 1 change detected
2025-08-24 11:54:27,455 - INFO - 1 change detected
2025-08-24 11:54:27,815 - INFO - 1 change detected
2025-08-24 11:54:28,179 - INFO - 1 change detected
2025-08-24 11:54:28,585 - INFO - 1 change detected
2025-08-24 11:54:28,999 - INFO - 1 change detected
2025-08-24 11:54:29,415 - INFO - 1 change detected
2025-08-24 11:54:29,816 - INFO - 1 change detected
2025-08-24 11:54:30,219 - INFO - 1 change detected
2025-08-24 11:54:30,584 - INFO - 1 change detected
2025-08-24 11:54:30,991 - INFO - 1 change detected
2025-08-24 11:54:31,407 - INFO - 1 change detected
2025-08-24 11:54:31,808 - INFO - 1 change detected
2025-08-24 11:54:32,222 - INFO - 1 change detected
2025-08-24 11:54:32,588 - INFO - 1 change detected
2025-08-24 11:54:32,995 - INFO - 1 change detected
2025-08-24 11:54:33,409 - INFO - 1 change detected
2025-08-24 11:54:33,816 - INFO - 1 change detected
2025-08-24 11:54:34,227 - INFO - 1 change detected
2025-08-24 11:54:34,590 - INFO - 1 change detected
2025-08-24 11:54:34,996 - INFO - 1 change detected
2025-08-24 11:54:35,400 - INFO - 1 change detected
2025-08-24 11:54:35,813 - INFO - 1 change detected
2025-08-24 11:54:36,226 - INFO - 1 change detected
2025-08-24 11:54:36,592 - INFO - 1 change detected
2025-08-24 11:54:36,996 - INFO - 1 change detected
2025-08-24 11:54:37,411 - INFO - 1 change detected
2025-08-24 11:54:37,817 - INFO - 1 change detected
2025-08-24 11:54:38,229 - INFO - 1 change detected
2025-08-24 11:54:38,630 - INFO - 1 change detected
2025-08-24 11:54:38,993 - INFO - 1 change detected
2025-08-24 11:54:39,399 - INFO - 1 change detected
2025-08-24 11:54:39,815 - INFO - 1 change detected
2025-08-24 11:54:40,229 - INFO - 1 change detected
2025-08-24 11:54:40,593 - INFO - 1 change detected
2025-08-24 11:54:40,995 - INFO - 1 change detected
2025-08-24 11:54:41,412 - INFO - 1 change detected
2025-08-24 11:54:41,776 - INFO - 1 change detected
2025-08-24 11:54:42,192 - INFO - 1 change detected
2025-08-24 11:54:42,605 - INFO - 1 change detected
2025-08-24 11:54:43,020 - INFO - 1 change detected
2025-08-24 11:54:43,436 - INFO - 1 change detected
2025-08-24 11:54:43,839 - INFO - 1 change detected
2025-08-24 11:54:44,241 - INFO - 1 change detected
2025-08-24 11:54:44,643 - INFO - 1 change detected
2025-08-24 11:54:45,046 - INFO - 1 change detected
2025-08-24 11:54:45,450 - INFO - 1 change detected
2025-08-24 11:54:45,853 - INFO - 1 change detected
2025-08-24 11:54:46,253 - INFO - 1 change detected
2025-08-24 11:54:46,657 - INFO - 1 change detected
2025-08-24 11:54:47,059 - INFO - 1 change detected
2025-08-24 11:54:47,423 - INFO - 1 change detected
2025-08-24 11:54:47,830 - INFO - 1 change detected
2025-08-24 11:54:48,246 - INFO - 1 change detected
2025-08-24 11:54:48,662 - INFO - 1 change detected
2025-08-24 11:54:49,025 - INFO - 1 change detected
2025-08-24 11:54:49,429 - INFO - 1 change detected
2025-08-24 11:54:49,881 - INFO - 1 change detected
2025-08-24 11:54:50,242 - INFO - 1 change detected
2025-08-24 11:54:50,650 - INFO - 1 change detected
2025-08-24 11:54:51,065 - INFO - 1 change detected
2025-08-24 11:54:51,430 - INFO - 1 change detected
2025-08-24 11:54:51,838 - INFO - 1 change detected
2025-08-24 11:54:52,249 - INFO - 1 change detected
2025-08-24 11:54:52,655 - INFO - 1 change detected
2025-08-24 11:54:53,018 - INFO - 1 change detected
2025-08-24 11:54:53,423 - INFO - 1 change detected
2025-08-24 11:54:53,824 - INFO - 1 change detected
2025-08-24 11:54:54,240 - INFO - 1 change detected
2025-08-24 11:54:54,656 - INFO - 1 change detected
2025-08-24 11:54:55,022 - INFO - 1 change detected
2025-08-24 11:54:55,428 - INFO - 1 change detected
2025-08-24 11:54:55,844 - INFO - 1 change detected
2025-08-24 11:54:56,259 - INFO - 1 change detected
2025-08-24 11:54:56,660 - INFO - 1 change detected
2025-08-24 11:54:57,026 - INFO - 1 change detected
2025-08-24 11:54:57,431 - INFO - 1 change detected
2025-08-24 11:54:57,835 - INFO - 1 change detected
2025-08-24 11:54:58,248 - INFO - 1 change detected
2025-08-24 11:54:58,663 - INFO - 1 change detected
2025-08-24 11:54:59,026 - INFO - 1 change detected
2025-08-24 11:54:59,430 - INFO - 1 change detected
2025-08-24 11:54:59,846 - INFO - 1 change detected
2025-08-24 11:55:00,260 - INFO - 1 change detected
2025-08-24 11:55:00,626 - INFO - 1 change detected
2025-08-24 11:55:01,029 - INFO - 1 change detected
2025-08-24 11:55:01,432 - INFO - 1 change detected
2025-08-24 11:55:01,833 - INFO - 1 change detected
2025-08-24 11:55:02,246 - INFO - 1 change detected
2025-08-24 11:55:02,647 - INFO - 1 change detected
2025-08-24 11:55:03,048 - INFO - 1 change detected
2025-08-24 11:55:03,451 - INFO - 1 change detected
2025-08-24 11:55:03,854 - INFO - 1 change detected
2025-08-24 11:55:04,218 - INFO - 1 change detected
2025-08-24 11:55:04,625 - INFO - 1 change detected
2025-08-24 11:55:05,041 - INFO - 1 change detected
2025-08-24 11:55:05,458 - INFO - 1 change detected
2025-08-24 11:55:05,859 - INFO - 1 change detected
2025-08-24 11:55:06,262 - INFO - 1 change detected
2025-08-24 11:55:06,665 - INFO - 1 change detected
2025-08-24 11:55:07,028 - INFO - 1 change detected
2025-08-24 11:55:07,432 - INFO - 1 change detected
2025-08-24 11:55:07,848 - INFO - 1 change detected
2025-08-24 11:55:08,264 - INFO - 1 change detected
2025-08-24 11:55:08,628 - INFO - 1 change detected
2025-08-24 11:55:09,032 - INFO - 1 change detected
2025-08-24 11:55:09,446 - INFO - 1 change detected
2025-08-24 11:55:09,849 - INFO - 1 change detected
2025-08-24 11:55:10,265 - INFO - 1 change detected
2025-08-24 11:55:10,669 - INFO - 1 change detected
2025-08-24 11:55:11,033 - INFO - 1 change detected
2025-08-24 11:55:11,438 - INFO - 1 change detected
2025-08-24 11:55:11,839 - INFO - 1 change detected
2025-08-24 11:55:12,253 - INFO - 1 change detected
2025-08-24 11:55:12,668 - INFO - 1 change detected
2025-08-24 11:55:13,031 - INFO - 1 change detected
2025-08-24 11:55:13,433 - INFO - 1 change detected
2025-08-24 11:55:13,835 - INFO - 1 change detected
2025-08-24 11:55:14,247 - INFO - 1 change detected
2025-08-24 11:55:14,663 - INFO - 1 change detected
2025-08-24 11:55:15,064 - INFO - 1 change detected
2025-08-24 11:55:15,468 - INFO - 1 change detected
2025-08-24 11:55:15,869 - INFO - 1 change detected
2025-08-24 11:55:16,271 - INFO - 1 change detected
2025-08-24 11:55:16,675 - INFO - 1 change detected
2025-08-24 11:55:17,040 - INFO - 1 change detected
2025-08-24 11:55:17,449 - INFO - 1 change detected
2025-08-24 11:55:17,863 - INFO - 1 change detected
2025-08-24 11:55:18,276 - INFO - 1 change detected
2025-08-24 11:55:18,679 - INFO - 1 change detected
2025-08-24 11:55:19,081 - INFO - 1 change detected
2025-08-24 11:55:19,444 - INFO - 1 change detected
2025-08-24 11:55:19,850 - INFO - 1 change detected
2025-08-24 11:55:20,264 - INFO - 1 change detected
2025-08-24 11:55:20,679 - INFO - 1 change detected
2025-08-24 11:55:21,043 - INFO - 1 change detected
2025-08-24 11:55:21,449 - INFO - 1 change detected
2025-08-24 11:55:21,865 - INFO - 1 change detected
2025-08-24 11:55:22,277 - INFO - 1 change detected
2025-08-24 11:55:22,679 - INFO - 1 change detected
2025-08-24 11:55:23,092 - INFO - 1 change detected
2025-08-24 11:55:23,457 - INFO - 1 change detected
2025-08-24 11:55:23,865 - INFO - 1 change detected
2025-08-24 11:55:24,277 - INFO - 1 change detected
2025-08-24 11:55:24,679 - INFO - 1 change detected
2025-08-24 11:55:25,093 - INFO - 1 change detected
2025-08-24 11:55:25,460 - INFO - 1 change detected
2025-08-24 11:55:25,863 - INFO - 1 change detected
2025-08-24 11:55:26,279 - INFO - 1 change detected
2025-08-24 11:55:26,643 - INFO - 1 change detected
2025-08-24 11:55:27,047 - INFO - 1 change detected
2025-08-24 11:55:28,004 - INFO - 1 change detected
2025-08-24 11:55:28,369 - INFO - 1 change detected
2025-08-24 11:55:28,777 - INFO - 1 change detected
2025-08-24 11:55:29,142 - INFO - 1 change detected
2025-08-24 11:55:29,547 - INFO - 1 change detected
2025-08-24 11:55:29,950 - INFO - 1 change detected
2025-08-24 11:55:30,365 - INFO - 1 change detected
2025-08-24 11:55:30,780 - INFO - 1 change detected
2025-08-24 11:55:31,142 - INFO - 1 change detected
2025-08-24 11:55:31,547 - INFO - 1 change detected
2025-08-24 11:55:31,963 - INFO - 1 change detected
2025-08-24 11:55:32,378 - INFO - 1 change detected
2025-08-24 11:55:32,782 - INFO - 1 change detected
2025-08-24 11:55:33,146 - INFO - 1 change detected
2025-08-24 11:55:33,552 - INFO - 1 change detected
2025-08-24 11:55:33,955 - INFO - 1 change detected
2025-08-24 11:55:34,369 - INFO - 1 change detected
2025-08-24 11:55:34,771 - INFO - 1 change detected
2025-08-24 11:55:35,172 - INFO - 1 change detected
2025-08-24 11:55:35,586 - INFO - 1 change detected
2025-08-24 11:55:35,987 - INFO - 1 change detected
2025-08-24 11:55:36,389 - INFO - 1 change detected
2025-08-24 11:55:36,792 - INFO - 1 change detected
2025-08-24 11:55:37,194 - INFO - 1 change detected
2025-08-24 11:55:37,601 - INFO - 1 change detected
2025-08-24 11:55:37,967 - INFO - 1 change detected
2025-08-24 11:55:38,373 - INFO - 1 change detected
2025-08-24 11:55:38,778 - INFO - 1 change detected
2025-08-24 11:55:39,181 - INFO - 1 change detected
2025-08-24 11:55:39,597 - INFO - 1 change detected
2025-08-24 11:55:39,999 - INFO - 1 change detected
2025-08-24 11:55:40,415 - INFO - 1 change detected
2025-08-24 11:55:40,816 - INFO - 1 change detected
2025-08-24 11:55:41,221 - INFO - 1 change detected
2025-08-24 11:55:41,623 - INFO - 1 change detected
2025-08-24 11:55:42,025 - INFO - 1 change detected
2025-08-24 11:55:42,389 - INFO - 1 change detected
2025-08-24 11:55:42,796 - INFO - 1 change detected
2025-08-24 11:55:43,197 - INFO - 1 change detected
2025-08-24 11:55:43,613 - INFO - 1 change detected
2025-08-24 11:55:44,015 - INFO - 1 change detected
2025-08-24 11:55:44,430 - INFO - 1 change detected
2025-08-24 11:55:44,834 - INFO - 1 change detected
2025-08-24 11:55:45,250 - INFO - 2 changes detected
2025-08-24 11:55:45,754 - INFO - 6 changes detected
2025-08-24 11:55:46,112 - INFO - 2 changes detected
2025-08-24 11:55:46,469 - INFO - 1 change detected
2025-08-24 11:55:46,823 - INFO - 1 change detected
2025-08-24 11:55:47,181 - INFO - 1 change detected
2025-08-24 11:55:47,538 - INFO - 1 change detected
2025-08-24 11:55:47,894 - INFO - 1 change detected
2025-08-24 11:55:48,251 - INFO - 1 change detected
2025-08-24 11:55:48,603 - INFO - 1 change detected
2025-08-24 11:55:49,009 - INFO - 1 change detected
2025-08-24 11:55:49,413 - INFO - 1 change detected
2025-08-24 11:55:49,828 - INFO - 1 change detected
2025-08-24 11:55:50,232 - INFO - 1 change detected
2025-08-24 11:55:50,633 - INFO - 1 change detected
2025-08-24 11:55:50,997 - INFO - 1 change detected
2025-08-24 11:55:51,404 - INFO - 1 change detected
2025-08-24 11:55:51,817 - INFO - 1 change detected
2025-08-24 11:55:52,232 - INFO - 1 change detected
2025-08-24 11:55:52,634 - INFO - 1 change detected
2025-08-24 11:55:52,996 - INFO - 1 change detected
2025-08-24 11:55:53,400 - INFO - 1 change detected
2025-08-24 11:55:53,804 - INFO - 1 change detected
2025-08-24 11:55:54,218 - INFO - 1 change detected
2025-08-24 11:55:54,583 - INFO - 1 change detected
2025-08-24 11:55:54,987 - INFO - 1 change detected
2025-08-24 11:55:55,388 - INFO - 1 change detected
2025-08-24 11:55:55,791 - INFO - 1 change detected
2025-08-24 11:55:56,193 - INFO - 1 change detected
2025-08-24 11:55:56,608 - INFO - 1 change detected
2025-08-24 11:55:57,011 - INFO - 1 change detected
2025-08-24 11:55:57,378 - INFO - 1 change detected
2025-08-24 11:55:57,779 - INFO - 1 change detected
2025-08-24 11:55:58,196 - INFO - 1 change detected
2025-08-24 11:55:58,610 - INFO - 1 change detected
2025-08-24 11:55:58,971 - INFO - 1 change detected
2025-08-24 11:55:59,374 - INFO - 1 change detected
2025-08-24 11:55:59,790 - INFO - 1 change detected
2025-08-24 11:56:00,194 - INFO - 1 change detected
2025-08-24 11:56:00,597 - INFO - 1 change detected
2025-08-24 11:56:01,009 - INFO - 1 change detected
2025-08-24 11:56:01,425 - INFO - 1 change detected
2025-08-24 11:56:01,827 - INFO - 1 change detected
2025-08-24 11:56:02,190 - INFO - 1 change detected
2025-08-24 11:56:02,595 - INFO - 1 change detected
2025-08-24 11:56:03,007 - INFO - 1 change detected
2025-08-24 11:56:03,373 - INFO - 1 change detected
2025-08-24 11:56:03,779 - INFO - 1 change detected
2025-08-24 11:56:04,180 - INFO - 1 change detected
2025-08-24 11:56:04,583 - INFO - 1 change detected
2025-08-24 11:56:05,000 - INFO - 1 change detected
2025-08-24 11:56:05,462 - INFO - 2 changes detected
2025-08-24 11:56:17,821 - INFO - 3 changes detected
2025-08-24 11:56:18,978 - INFO - 5 changes detected
2025-08-24 11:56:19,335 - INFO - 6 changes detected
2025-08-24 11:56:19,692 - INFO - 1 change detected
2025-08-24 11:56:20,047 - INFO - 1 change detected
2025-08-24 11:56:20,400 - INFO - 2 changes detected
2025-08-24 11:56:49,729 - INFO - 2 changes detected
2025-08-24 11:56:51,128 - INFO - 6 changes detected
2025-08-24 11:56:51,489 - INFO - 1 change detected
2025-08-24 11:56:51,842 - INFO - 1 change detected
2025-08-24 11:56:52,251 - INFO - 1 change detected
2025-08-24 11:56:52,654 - INFO - 1 change detected
2025-08-24 11:56:53,068 - INFO - 1 change detected
2025-08-24 11:56:53,473 - INFO - 1 change detected
2025-08-24 11:56:53,877 - INFO - 1 change detected
2025-08-24 11:56:54,236 - INFO - 1 change detected
2025-08-24 11:56:54,638 - INFO - 1 change detected
2025-08-24 11:56:55,052 - INFO - 1 change detected
2025-08-24 11:56:55,467 - INFO - 1 change detected
2025-08-24 11:56:55,870 - INFO - 1 change detected
2025-08-24 11:56:56,284 - INFO - 1 change detected
2025-08-24 11:56:56,685 - INFO - 1 change detected
2025-08-24 11:56:57,051 - INFO - 1 change detected
2025-08-24 11:56:57,456 - INFO - 1 change detected
2025-08-24 11:56:57,869 - INFO - 1 change detected
2025-08-24 11:56:58,284 - INFO - 1 change detected
2025-08-24 11:56:58,648 - INFO - 1 change detected
2025-08-24 11:56:59,053 - INFO - 1 change detected
2025-08-24 11:56:59,469 - INFO - 1 change detected
2025-08-24 11:56:59,871 - INFO - 1 change detected
2025-08-24 11:57:00,286 - INFO - 1 change detected
2025-08-24 11:57:00,648 - INFO - 1 change detected
2025-08-24 11:57:01,053 - INFO - 1 change detected
2025-08-24 11:57:01,469 - INFO - 1 change detected
2025-08-24 11:57:01,885 - INFO - 1 change detected
2025-08-24 11:57:02,249 - INFO - 1 change detected
2025-08-24 11:57:02,654 - INFO - 1 change detected
2025-08-24 11:57:03,067 - INFO - 1 change detected
2025-08-24 11:57:03,433 - INFO - 1 change detected
2025-08-24 11:57:03,839 - INFO - 1 change detected
2025-08-24 11:57:04,254 - INFO - 1 change detected
2025-08-24 11:57:04,662 - INFO - 1 change detected
2025-08-24 11:57:05,077 - INFO - 1 change detected
2025-08-24 11:57:05,442 - INFO - 1 change detected
2025-08-24 11:57:05,850 - INFO - 1 change detected
2025-08-24 11:57:06,265 - INFO - 1 change detected
2025-08-24 11:57:06,666 - INFO - 1 change detected
2025-08-24 11:57:07,069 - INFO - 1 change detected
2025-08-24 11:57:07,471 - INFO - 1 change detected
2025-08-24 11:57:07,836 - INFO - 1 change detected
2025-08-24 11:57:08,289 - INFO - 1 change detected
2025-08-24 11:57:08,653 - INFO - 1 change detected
2025-08-24 11:57:09,060 - INFO - 1 change detected
2025-08-24 11:57:09,513 - INFO - 1 change detected
2025-08-24 11:57:09,877 - INFO - 1 change detected
2025-08-24 11:57:10,281 - INFO - 1 change detected
2025-08-24 11:57:10,682 - INFO - 1 change detected
2025-08-24 11:57:11,096 - INFO - 1 change detected
2025-08-24 11:57:11,513 - INFO - 1 change detected
2025-08-24 11:57:11,914 - INFO - 1 change detected
2025-08-24 11:57:12,278 - INFO - 1 change detected
2025-08-24 11:57:12,680 - INFO - 1 change detected
2025-08-24 11:57:13,095 - INFO - 1 change detected
2025-08-24 11:57:13,497 - INFO - 1 change detected
2025-08-24 11:57:13,911 - INFO - 1 change detected
2025-08-24 11:57:14,274 - INFO - 1 change detected
2025-08-24 11:57:14,682 - INFO - 1 change detected
2025-08-24 11:57:15,097 - INFO - 1 change detected
2025-08-24 11:57:15,513 - INFO - 1 change detected
2025-08-24 11:57:15,918 - INFO - 1 change detected
2025-08-24 11:57:16,284 - INFO - 1 change detected
2025-08-24 11:57:16,690 - INFO - 1 change detected
2025-08-24 11:57:17,102 - INFO - 1 change detected
2025-08-24 11:57:17,468 - INFO - 1 change detected
2025-08-24 11:57:17,875 - INFO - 1 change detected
2025-08-24 11:57:18,279 - INFO - 1 change detected
2025-08-24 11:57:18,681 - INFO - 1 change detected
2025-08-24 11:57:19,096 - INFO - 1 change detected
2025-08-24 11:57:19,512 - INFO - 1 change detected
2025-08-24 11:57:19,916 - INFO - 1 change detected
2025-08-24 11:57:20,320 - INFO - 1 change detected
2025-08-24 11:57:20,721 - INFO - 1 change detected
2025-08-24 11:57:21,086 - INFO - 1 change detected
2025-08-24 11:57:21,491 - INFO - 1 change detected
2025-08-24 11:57:21,894 - INFO - 1 change detected
2025-08-24 11:57:22,296 - INFO - 1 change detected
2025-08-24 11:57:22,699 - INFO - 1 change detected
2025-08-24 11:57:23,101 - INFO - 1 change detected
2025-08-24 11:57:23,516 - INFO - 1 change detected
2025-08-24 11:57:23,919 - INFO - 1 change detected
2025-08-24 11:57:24,271 - INFO - 1 change detected
2025-08-24 11:57:24,674 - INFO - 1 change detected
2025-08-24 11:57:25,632 - INFO - 1 change detected
2025-08-24 11:57:25,987 - INFO - 1 change detected
2025-08-24 11:57:26,391 - INFO - 1 change detected
2025-08-24 11:57:26,752 - INFO - 1 change detected
2025-08-24 11:57:27,153 - INFO - 1 change detected
2025-08-24 11:57:27,567 - INFO - 1 change detected
2025-08-24 11:57:27,982 - INFO - 1 change detected
2025-08-24 11:57:28,334 - INFO - 1 change detected
